#-----------------------------------------------------------
# Vivado v2020.2 (64-bit)
# SW Build 3064766 on Wed Nov 18 09:12:45 MST 2020
# IP Build 3064653 on Wed Nov 18 14:17:31 MST 2020
# Start of session at: Sun Jan 16 16:20:28 2022
# Process ID: 1700
# Current directory: D:/Projet_instrum_MHAH
# Command line: vivado.exe -gui_launcher_event rodinguilauncherevent11048 D:\Projet_instrum_MHAH\Projet_instrum_MHAH.xpr
# Log file: D:/Projet_instrum_MHAH/vivado.log
# Journal file: D:/Projet_instrum_MHAH\vivado.jou
#-----------------------------------------------------------
start_gui
open_project D:/Projet_instrum_MHAH/Projet_instrum_MHAH.xpr
update_compile_order -fileset sources_1
create_fileset -simset sim_2
set_property SOURCE_SET sources_1 [get_filesets sim_1]
close [ open D:/Projet_instrum_MHAH/Projet_instrum_MHAH.srcs/sim_1/new/tb_compt_period.vhd w ]
add_files -fileset sim_1 D:/Projet_instrum_MHAH/Projet_instrum_MHAH.srcs/sim_1/new/tb_compt_period.vhd
update_compile_order -fileset sim_1
# Disabling source management mode.  This is to allow the top design properties to be set without GUI intervention.
set_property source_mgmt_mode None [current_project]
set_property top tb_compt_period [get_filesets sim_1]
set_property top_lib xil_defaultlib [get_filesets sim_1]
# Re-enabling previously disabled source management mode.
set_property source_mgmt_mode All [current_project]
update_compile_order -fileset sim_1
# Disabling source management mode.  This is to allow the top design properties to be set without GUI intervention.
set_property source_mgmt_mode None [current_project]
set_property top tb_division [get_filesets sim_1]
set_property top_lib xil_defaultlib [get_filesets sim_1]
# Re-enabling previously disabled source management mode.
set_property source_mgmt_mode All [current_project]
update_compile_order -fileset sim_1
launch_simulation
open_wave_config D:/Projet_instrum_MHAH/tb_filter_behav.wcfg
source tb_division.tcl
# Disabling source management mode.  This is to allow the top design properties to be set without GUI intervention.
set_property source_mgmt_mode None [current_project]
set_property top tb_compt_period [get_filesets sim_1]
set_property top_lib xil_defaultlib [get_filesets sim_1]
# Re-enabling previously disabled source management mode.
set_property source_mgmt_mode All [current_project]
update_compile_order -fileset sim_1
# Disabling source management mode.  This is to allow the top design properties to be set without GUI intervention.
set_property source_mgmt_mode None [current_project]
set_property top compt_period [current_fileset]
# Re-enabling previously disabled source management mode.
set_property source_mgmt_mode All [current_project]
update_compile_order -fileset sources_1
launch_simulation
launch_simulation
close_sim
launch_simulation
open_wave_config D:/Projet_instrum_MHAH/tb_filter_behav.wcfg
source tb_compt_period.tcl
restart
run 100ms
restart
run 10ms
save_wave_config {D:/Projet_instrum_MHAH/tb_filter_behav.wcfg}
close_sim
launch_simulation
open_wave_config D:/Projet_instrum_MHAH/tb_filter_behav.wcfg
source tb_compt_period.tcl
run 2ms
close_sim
launch_simulation
open_wave_config D:/Projet_instrum_MHAH/tb_filter_behav.wcfg
source tb_compt_period.tcl
run 4ms
close_sim
launch_simulation
open_wave_config D:/Projet_instrum_MHAH/tb_filter_behav.wcfg
source tb_compt_period.tcl
run 3ms
close_sim
launch_simulation
open_wave_config D:/Projet_instrum_MHAH/tb_filter_behav.wcfg
source tb_compt_period.tcl
run 4 ms
close_sim
launch_simulation
open_wave_config D:/Projet_instrum_MHAH/tb_filter_behav.wcfg
source tb_compt_period.tcl
run 4 ms
close_sim
launch_simulation
open_wave_config D:/Projet_instrum_MHAH/tb_filter_behav.wcfg
source tb_compt_period.tcl
run 4 ms
close_sim
launch_simulation
open_wave_config D:/Projet_instrum_MHAH/tb_filter_behav.wcfg
source tb_compt_period.tcl
run 4 ms
close_sim
launch_simulation
open_wave_config D:/Projet_instrum_MHAH/tb_filter_behav.wcfg
source tb_compt_period.tcl
run 4ms
close_sim
launch_simulation
open_wave_config D:/Projet_instrum_MHAH/tb_filter_behav.wcfg
source tb_compt_period.tcl
run 4ms
save_wave_config {D:/Projet_instrum_MHAH/tb_filter_behav.wcfg}
close_sim
launch_simulation
open_wave_config D:/Projet_instrum_MHAH/tb_filter_behav.wcfg
source tb_compt_period.tcl
run 4ms
save_wave_config {D:/Projet_instrum_MHAH/tb_filter_behav.wcfg}
close_sim
launch_simulation
open_wave_config D:/Projet_instrum_MHAH/tb_filter_behav.wcfg
source tb_compt_period.tcl
close_sim
launch_simulation
open_wave_config D:/Projet_instrum_MHAH/tb_filter_behav.wcfg
source tb_compt_period.tcl
restart
run 4ms
save_wave_config {D:/Projet_instrum_MHAH/tb_filter_behav.wcfg}
close_sim
launch_simulation
open_wave_config D:/Projet_instrum_MHAH/tb_filter_behav.wcfg
source tb_compt_period.tcl
run 3ms
close_sim
launch_simulation
launch_simulation
open_wave_config D:/Projet_instrum_MHAH/tb_filter_behav.wcfg
source tb_compt_period.tcl
close_sim
launch_simulation
open_wave_config D:/Projet_instrum_MHAH/tb_filter_behav.wcfg
source tb_compt_period.tcl
run 3ms
close_sim
launch_simulation
open_wave_config D:/Projet_instrum_MHAH/tb_filter_behav.wcfg
source tb_compt_period.tcl
close_sim
launch_simulation
open_wave_config D:/Projet_instrum_MHAH/tb_filter_behav.wcfg
source tb_compt_period.tcl
close_sim
launch_simulation
open_wave_config D:/Projet_instrum_MHAH/tb_filter_behav.wcfg
source tb_compt_period.tcl
run 4ms
close_sim
launch_simulation
open_wave_config D:/Projet_instrum_MHAH/tb_filter_behav.wcfg
source tb_compt_period.tcl
run 4ms
close_sim
launch_simulation
open_wave_config D:/Projet_instrum_MHAH/tb_filter_behav.wcfg
source tb_compt_period.tcl
save_wave_config {D:/Projet_instrum_MHAH/tb_filter_behav.wcfg}
close_sim
launch_simulation
open_wave_config D:/Projet_instrum_MHAH/tb_filter_behav.wcfg
source tb_compt_period.tcl
run 4ms
run 4 ms
restart
run 4ms
save_wave_config {D:/Projet_instrum_MHAH/tb_filter_behav.wcfg}
close_sim
